// Vitest Snapshot v1, https://vitest.dev/guide/snapshot.html

exports[`Accordion > should match the snapshot 1`] = `
<body>
  <div>
    <div
      data-orientation="vertical"
    >
      <div
        class="border-b"
        data-orientation="vertical"
        data-state="closed"
      >
        <h3
          class="flex"
          data-orientation="vertical"
          data-state="closed"
        >
          <button
            aria-controls="radix-:r1:"
            aria-expanded="false"
            class="flex flex-1 items-center justify-between py-4 text-green-dark-600 text-sm font-medium transition-all hover:underline [&[data-state=open]>svg]:rotate-180"
            data-orientation="vertical"
            data-radix-collection-item=""
            data-state="closed"
            id="radix-:r0:"
            type="button"
          >
            teste
            <svg
              class="h-4 w-4 shrink-0 text-muted-foreground transition-transform duration-200"
              fill="none"
              height="15"
              viewBox="0 0 15 15"
              width="15"
              xmlns="http://www.w3.org/2000/svg"
            >
              <path
                clip-rule="evenodd"
                d="M3.13523 6.15803C3.3241 5.95657 3.64052 5.94637 3.84197 6.13523L7.5 9.56464L11.158 6.13523C11.3595 5.94637 11.6759 5.95657 11.8648 6.15803C12.0536 6.35949 12.0434 6.67591 11.842 6.86477L7.84197 10.6148C7.64964 10.7951 7.35036 10.7951 7.15803 10.6148L3.15803 6.86477C2.95657 6.67591 2.94637 6.35949 3.13523 6.15803Z"
                fill="currentColor"
                fill-rule="evenodd"
              />
            </svg>
          </button>
        </h3>
        <div
          aria-labelledby="radix-:r0:"
          class="overflow-hidden text-sm data-[state=closed]:animate-accordion-up data-[state=open]:animate-accordion-down"
          data-orientation="vertical"
          data-state="closed"
          hidden=""
          id="radix-:r1:"
          role="region"
          style="--radix-accordion-content-height: var(--radix-collapsible-content-height); --radix-accordion-content-width: var(--radix-collapsible-content-width);"
        />
      </div>
    </div>
  </div>
</body>
`;
