// Vitest Snapshot v1, https://vitest.dev/guide/snapshot.html

exports[`Input OTP > should match the snapshot 1`] = `
<body>
  <div>
    <noscript />
    <div
      class="flex items-center gap-2 has-[:disabled]:opacity-50"
      data-input-otp-container="true"
      style="position: relative; cursor: text; user-select: none; pointer-events: none; --root-height: 0px;"
    >
      <div
        class="flex items-center"
      >
        <div
          class="relative flex h-9 w-9 items-center justify-center border-y border-r border-input text-sm shadow-sm transition-all first:rounded-l-md first:border-l last:rounded-r-md"
        />
        <div
          class="relative flex h-9 w-9 items-center justify-center border-y border-r border-input text-sm shadow-sm transition-all first:rounded-l-md first:border-l last:rounded-r-md"
        />
      </div>
      <div
        role="separator"
      >
        <svg
          fill="none"
          height="15"
          viewBox="0 0 15 15"
          width="15"
          xmlns="http://www.w3.org/2000/svg"
        >
          <path
            clip-rule="evenodd"
            d="M5 7.5C5 7.22386 5.22386 7 5.5 7H9.5C9.77614 7 10 7.22386 10 7.5C10 7.77614 9.77614 8 9.5 8H5.5C5.22386 8 5 7.77614 5 7.5Z"
            fill="currentColor"
            fill-rule="evenodd"
          />
        </svg>
      </div>
      <div
        class="flex items-center"
      >
        <div
          class="relative flex h-9 w-9 items-center justify-center border-y border-r border-input text-sm shadow-sm transition-all first:rounded-l-md first:border-l last:rounded-r-md"
        />
        <div
          class="relative flex h-9 w-9 items-center justify-center border-y border-r border-input text-sm shadow-sm transition-all first:rounded-l-md first:border-l last:rounded-r-md"
        />
      </div>
      <div
        style="position: absolute; inset: 0; pointer-events: none;"
      >
        <input
          autocomplete="one-time-code"
          class="disabled:cursor-not-allowed"
          data-input-otp="true"
          inputmode="numeric"
          maxlength="4"
          pattern="^\\d+$"
          style="position: absolute; inset: 0; width: 100%; height: 100%; display: flex; text-align: left; opacity: 1; color: transparent; pointer-events: all; background: transparent; caret-color: transparent; border: 0px solid transparent; outline: 0 solid transparent; box-shadow: none; line-height: 1; letter-spacing: -.5em; font-family: monospace; font-variant-numeric: tabular-nums;"
          value=""
        />
      </div>
    </div>
  </div>
</body>
`;
