// Vitest Snapshot v1, https://vitest.dev/guide/snapshot.html

exports[`Skeleton > should match the snapshot > skeleton 1`] = `
<body>
  <div>
    <div
      class="flex flex-col gap-2"
    >
      <h1>
        title
      </h1>
      <div
        class="animate-pulse rounded-md bg-[#e0e0e0] h-4 w-[392px]"
      />
      <p>
        text
      </p>
    </div>
  </div>
</body>
`;
