// Vitest Snapshot v1, https://vitest.dev/guide/snapshot.html

exports[`Data Table > should match the snapshot 1`] = `
<body>
  <div>
    <div
      class="flex flex-col items-end"
    >
      <div
        class="relative w-full overflow-auto"
      >
        <table
          class="w-full caption-bottom text-xs"
        >
          <caption
            class="mt-4 text-xs text-neutral-800 font-normal text-center"
          >
            A test table
          </caption>
          <thead
            class="bg-neutral-200 h-12 overflow-hidden"
          >
            <tr
              class="border-t transition-colors first-of-type:border-0"
            >
              <th
                class="first-of-type:rounded-l-[10px] last-of-type:rounded-r-[10px] px-4 text-left align-middle text-neutral-500 font-medium text-sm"
              >
                Header 1
              </th>
              <th
                class="first-of-type:rounded-l-[10px] last-of-type:rounded-r-[10px] px-4 text-left align-middle text-neutral-500 font-medium text-sm"
              >
                Header 2
              </th>
            </tr>
          </thead>
          <tbody
            class="[&_tr]:h-16"
          >
            <tr
              class="border-t transition-colors first-of-type:border-0"
            >
              <td
                class="px-4 align-middle text-neutral-800 font-normal text-sm"
              >
                Cell 1
              </td>
              <td
                class="px-4 align-middle text-neutral-800 font-normal text-sm"
              >
                Cell 2
              </td>
            </tr>
          </tbody>
          <tfoot
            class="border-t font-medium [&>tr]:last:border-b-0"
          >
            <tr
              class="border-t transition-colors first-of-type:border-0"
            >
              <td
                class="px-4 align-middle text-neutral-800 font-normal text-sm"
              >
                Total
              </td>
              <td
                class="px-4 align-middle text-neutral-800 font-normal text-sm"
              >
                $2,500.00
              </td>
            </tr>
          </tfoot>
        </table>
      </div>
      <nav
        aria-label="pagination"
        class="flex items-center gap-4"
        role="navigation"
      >
        <span
          class="text-accent-foreground font-normal text-sm"
        >
          Página 
          1
           de 
          10
        </span>
        <ul
          class="flex flex-row items-center gap-1"
        >
          <li>
            <button
              aria-label="Primeira página"
              class="inline-flex items-center justify-center whitespace-nowrap rounded-lg transition-colors focus-visible:outline-none focus-visible:ring-1 focus-visible:ring-ring focus-visible:ring-offset-1 disabled:cursor-not-allowed text-sm antialiased leading-4 p-0 border border-border h-10 w-10 first-child:stroke-primary-foreground gap-1 bg-neutral-100 disabled:bg-neutral-100 shadow-none disabled:text-neutral-400 text-neutral-800 hover:bg-neutral-200 font-normal data-[active=true]:bg-neutral-200 data-[active=true]:font-semibold"
              data-active="false"
              disabled=""
            >
              <svg
                class="lucide lucide-chevrons-left h-4 w-4 stroke-[1.5px]"
                fill="none"
                height="24"
                stroke="currentColor"
                stroke-linecap="round"
                stroke-linejoin="round"
                stroke-width="2"
                viewBox="0 0 24 24"
                width="24"
                xmlns="http://www.w3.org/2000/svg"
              >
                <path
                  d="m11 17-5-5 5-5"
                />
                <path
                  d="m18 17-5-5 5-5"
                />
              </svg>
            </button>
          </li>
          <li>
            <button
              aria-label="Página anterior"
              class="inline-flex items-center justify-center whitespace-nowrap rounded-lg transition-colors focus-visible:outline-none focus-visible:ring-1 focus-visible:ring-ring focus-visible:ring-offset-1 disabled:cursor-not-allowed text-sm antialiased leading-4 p-0 border border-border h-10 w-10 first-child:stroke-primary-foreground gap-1 bg-neutral-100 disabled:bg-neutral-100 shadow-none disabled:text-neutral-400 text-neutral-800 hover:bg-neutral-200 font-normal data-[active=true]:bg-neutral-200 data-[active=true]:font-semibold"
              data-active="false"
            >
              <svg
                class="lucide lucide-chevron-left h-4 w-4 stroke-[1.5px]"
                fill="none"
                height="24"
                stroke="currentColor"
                stroke-linecap="round"
                stroke-linejoin="round"
                stroke-width="2"
                viewBox="0 0 24 24"
                width="24"
                xmlns="http://www.w3.org/2000/svg"
              >
                <path
                  d="m15 18-6-6 6-6"
                />
              </svg>
            </button>
          </li>
          <li>
            <button
              aria-label="Próxima página"
              class="inline-flex items-center justify-center whitespace-nowrap rounded-lg transition-colors focus-visible:outline-none focus-visible:ring-1 focus-visible:ring-ring focus-visible:ring-offset-1 disabled:cursor-not-allowed text-sm antialiased leading-4 p-0 border border-border h-10 w-10 first-child:stroke-primary-foreground gap-1 bg-neutral-100 disabled:bg-neutral-100 shadow-none disabled:text-neutral-400 text-neutral-800 hover:bg-neutral-200 font-normal data-[active=true]:bg-neutral-200 data-[active=true]:font-semibold"
              data-active="false"
            >
              <svg
                class="lucide lucide-chevron-right h-4 w-4 stroke-[1.5px]"
                fill="none"
                height="24"
                stroke="currentColor"
                stroke-linecap="round"
                stroke-linejoin="round"
                stroke-width="2"
                viewBox="0 0 24 24"
                width="24"
                xmlns="http://www.w3.org/2000/svg"
              >
                <path
                  d="m9 18 6-6-6-6"
                />
              </svg>
            </button>
          </li>
          <li>
            <button
              aria-label="Última página"
              class="inline-flex items-center justify-center whitespace-nowrap rounded-lg transition-colors focus-visible:outline-none focus-visible:ring-1 focus-visible:ring-ring focus-visible:ring-offset-1 disabled:cursor-not-allowed text-sm antialiased leading-4 p-0 border border-border h-10 w-10 first-child:stroke-primary-foreground gap-1 bg-neutral-100 disabled:bg-neutral-100 shadow-none disabled:text-neutral-400 text-neutral-800 hover:bg-neutral-200 font-normal data-[active=true]:bg-neutral-200 data-[active=true]:font-semibold"
              data-active="false"
            >
              <svg
                class="lucide lucide-chevrons-right h-4 w-4 stroke-[1.5px]"
                fill="none"
                height="24"
                stroke="currentColor"
                stroke-linecap="round"
                stroke-linejoin="round"
                stroke-width="2"
                viewBox="0 0 24 24"
                width="24"
                xmlns="http://www.w3.org/2000/svg"
              >
                <path
                  d="m6 17 5-5-5-5"
                />
                <path
                  d="m13 17 5-5-5-5"
                />
              </svg>
            </button>
          </li>
        </ul>
      </nav>
    </div>
  </div>
</body>
`;
