// Vitest Snapshot v1, https://vitest.dev/guide/snapshot.html

exports[`Toggle Component > renders ToggleWithText story 1`] = `
<body>
  <div>
    <button
      aria-pressed="false"
      class="inline-flex items-center justify-between rounded-[6px] text-sm font-medium transition-colors hover:bg-muted hover:text-muted-foreground focus-visible:outline-none focus-visible:ring-1 focus-visible:ring-ring disabled:pointer-events-none disabled:opacity-50 data-[state=on]:bg-accent data-[state=on]:text-accent-foreground [&>svg]:mr-2 bg-transparent h-10 px-3 w-[90px]"
      data-state="off"
      type="button"
    >
      <svg
        class="lucide lucide-component"
        data-testid="svg-icon"
        fill="none"
        height="24"
        stroke="currentColor"
        stroke-linecap="round"
        stroke-linejoin="round"
        stroke-width="2"
        viewBox="0 0 24 24"
        width="24"
        xmlns="http://www.w3.org/2000/svg"
      >
        <path
          d="M5.5 8.5 9 12l-3.5 3.5L2 12l3.5-3.5Z"
        />
        <path
          d="m12 2 3.5 3.5L12 9 8.5 5.5 12 2Z"
        />
        <path
          d="M18.5 8.5 22 12l-3.5 3.5L15 12l3.5-3.5Z"
        />
        <path
          d="m12 15 3.5 3.5L12 22l-3.5-3.5L12 15Z"
        />
      </svg>
       Label 
    </button>
  </div>
</body>
`;
