// Vitest Snapshot v1, https://vitest.dev/guide/snapshot.html

exports[`AlertDialog Component > should close the dialog when the cancel button is clicked 1`] = `
<body
  style=""
>
  <div>
    <button
      aria-controls="radix-:r3:"
      aria-expanded="false"
      aria-haspopup="dialog"
      data-state="closed"
      data-testid="trigger"
      type="button"
    >
      Abrir
    </button>
  </div>
</body>
`;

exports[`AlertDialog Component > should open and display dialog content when trigger is clicked 1`] = `
<body
  data-scroll-locked="1"
  style="pointer-events: none;"
>
  <span
    aria-hidden="true"
    data-aria-hidden="true"
    data-radix-focus-guard=""
    style="outline: none; opacity: 0; position: fixed; pointer-events: none;"
    tabindex="0"
  />
  <div
    aria-hidden="true"
    data-aria-hidden="true"
  >
    <button
      aria-controls="radix-:r0:"
      aria-expanded="true"
      aria-haspopup="dialog"
      data-state="open"
      data-testid="trigger"
      type="button"
    >
      Abrir
    </button>
  </div>
  <div
    aria-hidden="true"
    class="fixed inset-0 z-50 bg-black/80 data-[state=open]:animate-in data-[state=closed]:animate-out data-[state=closed]:fade-out-0 data-[state=open]:fade-in-0"
    data-aria-hidden="true"
    data-state="open"
    style="pointer-events: auto;"
  />
  <div
    aria-describedby="radix-:r2:"
    aria-labelledby="radix-:r1:"
    class="fixed left-[50%] top-[50%] z-50 grid lg:w-full max-w-lg min-w-[328px] translate-x-[-50%] translate-y-[-50%] gap-4 border bg-background p-6 shadow-lg duration-200 data-[state=open]:animate-in data-[state=closed]:animate-out data-[state=closed]:fade-out-0 data-[state=open]:fade-in-0 data-[state=closed]:zoom-out-95 data-[state=open]:zoom-in-95 data-[state=closed]:slide-out-to-left-1/2 data-[state=closed]:slide-out-to-top-[48%] data-[state=open]:slide-in-from-left-1/2 data-[state=open]:slide-in-from-top-[48%] rounded-[8px]"
    data-state="open"
    id="radix-:r0:"
    role="alertdialog"
    style="pointer-events: auto;"
    tabindex="-1"
  >
    <div
      class="flex flex-col space-y-2 text-center sm:text-left"
    >
      <h2
        class="text-lg font-semibold text-green-dark-600"
        data-testid="title"
        id="radix-:r1:"
      >
        Você está certo disso?
      </h2>
      <p
        class="text-sm text-neutral-500"
        data-testid="description"
        id="radix-:r2:"
      >
        Esta ação não pode ser desfeita. Isso excluirá permanentemente sua conta e removerá seus dados dos nossos servidores
      </p>
    </div>
    <div
      class="flex flex-col-reverse sm:flex-row sm:justify-end sm:space-x-2"
    >
      <button
        class="border border-border text-secondary-foreground text-sm font-medium py-2 px-4 rounded-[360px] hover:bg-secondary-hover disabled:text-neutral-500 mt-2 sm:mt-0"
        data-testid="cancel"
        type="button"
      >
        Cancelar
      </button>
      <button
        class="bg-primary text-sm font-medium text-primary-foreground shadow py-2 px-4 rounded-[360px] hover:bg-primary-hover disabled:bg-neutral-300 disabled:text-neutral-500 disabled:font-medium"
        data-testid="Action"
        type="button"
      >
        Continuar
      </button>
    </div>
  </div>
  <span
    aria-hidden="true"
    data-aria-hidden="true"
    data-radix-focus-guard=""
    style="outline: none; opacity: 0; position: fixed; pointer-events: none;"
    tabindex="0"
  />
</body>
`;
