// Vitest Snapshot v1, https://vitest.dev/guide/snapshot.html

exports[`AspectRatio > should match snapshot 1`] = `
<div>
  <div
    data-radix-aspect-ratio-wrapper=""
    style="position: relative; width: 100%; padding-bottom: 100%;"
  >
    <div
      style="position: absolute; top: 0px; right: 0px; bottom: 0px; left: 0px;"
    >
      <img
        alt="imagem exemplo"
        class="h-full w-full object-cover rounded-[0.375rem]"
        src="https://via.placeholder.com/300/DEDEDE/DEDEDE"
      />
    </div>
  </div>
</div>
`;
