// Vitest Snapshot v1, https://vitest.dev/guide/snapshot.html

exports[`Tooltip > renders Tooltip correctly 1`] = `
<button
  data-state="closed"
>
  Hover me
</button>
`;
