// Vitest Snapshot v1, https://vitest.dev/guide/snapshot.html

exports[`Textarea Component > renders DefaultStory correctly 1`] = `
<body>
  <div>
    <div
      class="w-full gap-1.5"
    >
      <label
        class="text-sm font-normal leading-4 peer-disabled:cursor-not-allowed peer-disabled:opacity-70 text-neutral-800 mb-2"
        for="message-2"
      >
        Título
      </label>
      <textarea
        class="min-h-[60px] w-full rounded-[6px] border border-input bg-transparent px-3 py-2 text-sm placeholder:text-neutral-500 focus-visible:outline-none focus-visible:border-neutral-400 disabled:cursor-not-allowed disabled:opacity-50"
        id="message-2"
        placeholder="Digite sua mensagem aqui."
      />
      <span
        class="text-sm text-neutral-500"
      >
        Seu texto de apoio aparecerá aqui.
      </span>
    </div>
  </div>
</body>
`;
