// Vitest Snapshot v1, https://vitest.dev/guide/snapshot.html

exports[`HoverCard Component > renders HoverCardExample story and displays content with avatar on hover 1`] = `
<body>
  <div>
    <button
      class="inline-flex items-center justify-center whitespace-nowrap rounded-lg transition-colors focus-visible:outline-none focus-visible:ring-1 focus-visible:ring-ring focus-visible:ring-offset-1 disabled:pointer-events-none text-sm font-medium antialiased leading-4 text-primary underline-offset-4 hover:underline py-2 px-4 min-w-[152px] min-h-[24px] border-lg"
      data-state="open"
    >
      @Cartão Elo
    </button>
    <div
      data-radix-popper-content-wrapper=""
      style="position: fixed; left: 0px; top: 0px; transform: translate(0, -200%); min-width: max-content;"
    >
      <div
        class="z-50 rounded-[8px] border bg-popover p-4 text-popover-foreground shadow-md outline-none data-[state=open]:animate-in data-[state=closed]:animate-out data-[state=closed]:fade-out-0 data-[state=open]:fade-in-0 data-[state=closed]:zoom-out-95 data-[state=open]:zoom-in-95 data-[side=bottom]:slide-in-from-top-2 data-[side=left]:slide-in-from-right-2 data-[side=right]:slide-in-from-left-2 data-[side=top]:slide-in-from-bottom-2 w-80"
        data-align="center"
        data-side="bottom"
        data-state="open"
        style="--radix-hover-card-content-transform-origin: var(--radix-popper-transform-origin); --radix-hover-card-content-available-width: var(--radix-popper-available-width); --radix-hover-card-content-available-height: var(--radix-popper-available-height); --radix-hover-card-trigger-width: var(--radix-popper-anchor-width); --radix-hover-card-trigger-height: var(--radix-popper-anchor-height); animation: none;"
      >
        <div
          class="flex space-x-4"
        >
          <span
            class="relative flex shrink-0 overflow-hidden rounded-full h-10 w-10"
          >
            <span
              class="flex h-full w-full items-center justify-center rounded-full bg-muted text-base"
              data-testid="avatar"
            >
              Elo
            </span>
          </span>
          <div
            class="space-y-1"
          >
            <h4
              class="text-sm font-semibold"
            >
              Cartão Elo
            </h4>
            <p
              class="text-sm"
            >
              O cartão do Brasileiro.
            </p>
            <div
              class="flex items-center pt-2"
            >
              <svg
                class="lucide lucide-calendar-days mr-2 h-4 w-4 opacity-70"
                fill="none"
                height="24"
                stroke="currentColor"
                stroke-linecap="round"
                stroke-linejoin="round"
                stroke-width="2"
                viewBox="0 0 24 24"
                width="24"
                xmlns="http://www.w3.org/2000/svg"
              >
                <path
                  d="M8 2v4"
                />
                <path
                  d="M16 2v4"
                />
                <rect
                  height="18"
                  rx="2"
                  width="18"
                  x="3"
                  y="4"
                />
                <path
                  d="M3 10h18"
                />
                <path
                  d="M8 14h.01"
                />
                <path
                  d="M12 14h.01"
                />
                <path
                  d="M16 14h.01"
                />
                <path
                  d="M8 18h.01"
                />
                <path
                  d="M12 18h.01"
                />
                <path
                  d="M16 18h.01"
                />
              </svg>
              <span
                class="text-xs text-muted-foreground"
              >
                Fundada em 2011
              </span>
            </div>
          </div>
        </div>
      </div>
    </div>
  </div>
</body>
`;

exports[`HoverCard Component > renders HoverDefault story and displays content on hover 1`] = `
<body>
  <div>
    <a
      data-state="open"
    >
      <button
        class="inline-flex items-center justify-center whitespace-nowrap rounded-lg transition-colors focus-visible:outline-none focus-visible:ring-1 focus-visible:ring-ring focus-visible:ring-offset-1 disabled:pointer-events-none text-sm font-medium antialiased leading-4 text-primary underline-offset-4 hover:underline py-2 px-4 min-w-[152px] min-h-[24px] border-lg"
      >
        @Cartão Elo
      </button>
    </a>
    <div
      data-radix-popper-content-wrapper=""
      style="position: fixed; left: 0px; top: 0px; transform: translate(0px, 4px); min-width: max-content; --radix-popper-available-width: 0px; --radix-popper-available-height: -4px; --radix-popper-anchor-width: 0px; --radix-popper-anchor-height: 0px; --radix-popper-transform-origin: 50% 0px;"
    >
      <div
        class="z-50 w-64 rounded-[8px] border bg-popover p-4 text-popover-foreground shadow-md outline-none data-[state=open]:animate-in data-[state=closed]:animate-out data-[state=closed]:fade-out-0 data-[state=open]:fade-in-0 data-[state=closed]:zoom-out-95 data-[state=open]:zoom-in-95 data-[side=bottom]:slide-in-from-top-2 data-[side=left]:slide-in-from-right-2 data-[side=right]:slide-in-from-left-2 data-[side=top]:slide-in-from-bottom-2"
        data-align="center"
        data-side="bottom"
        data-state="open"
        style="--radix-hover-card-content-transform-origin: var(--radix-popper-transform-origin); --radix-hover-card-content-available-width: var(--radix-popper-available-width); --radix-hover-card-content-available-height: var(--radix-popper-available-height); --radix-hover-card-trigger-width: var(--radix-popper-anchor-width); --radix-hover-card-trigger-height: var(--radix-popper-anchor-height);"
      >
        Cartão Elo - O cartão do Brasileiro.
      </div>
    </div>
  </div>
</body>
`;
