// Vitest Snapshot v1, https://vitest.dev/guide/snapshot.html

exports[`Table > should match the snapshot 1`] = `
<body>
  <div>
    <div
      class="relative w-full overflow-auto"
    >
      <table
        class="w-full caption-bottom text-xs"
      >
        <caption
          class="mt-4 text-xs text-neutral-800 font-normal text-center"
        >
          A test table
        </caption>
        <thead
          class="bg-neutral-200 h-12 overflow-hidden"
        >
          <tr
            class="border-t transition-colors first-of-type:border-0"
          >
            <th
              class="first-of-type:rounded-l-[10px] last-of-type:rounded-r-[10px] px-4 text-left align-middle text-neutral-500 font-medium text-sm"
            >
              Header 1
            </th>
            <th
              class="first-of-type:rounded-l-[10px] last-of-type:rounded-r-[10px] px-4 text-left align-middle text-neutral-500 font-medium text-sm"
            >
              Header 2
            </th>
          </tr>
        </thead>
        <tbody
          class="[&_tr]:h-16"
        >
          <tr
            class="border-t transition-colors first-of-type:border-0"
          >
            <td
              class="px-4 align-middle text-neutral-800 font-normal text-sm"
            >
              Cell 1
            </td>
            <td
              class="px-4 align-middle text-neutral-800 font-normal text-sm"
            >
              Cell 2
            </td>
          </tr>
        </tbody>
        <tfoot
          class="border-t font-medium [&>tr]:last:border-b-0"
        >
          <tr
            class="border-t transition-colors first-of-type:border-0"
          >
            <td
              class="px-4 align-middle text-neutral-800 font-normal text-sm"
            >
              Total
            </td>
            <td
              class="px-4 align-middle text-neutral-800 font-normal text-sm"
            >
              $2,500.00
            </td>
          </tr>
        </tfoot>
      </table>
    </div>
  </div>
</body>
`;
