// Vitest Snapshot v1, https://vitest.dev/guide/snapshot.html

exports[`Dialog Component > should open and display dialog content when trigger is clicked 1`] = `
<body
  data-scroll-locked="1"
  style="pointer-events: none;"
>
  <span
    aria-hidden="true"
    data-aria-hidden="true"
    data-radix-focus-guard=""
    style="outline: none; opacity: 0; position: fixed; pointer-events: none;"
    tabindex="0"
  />
  <div
    aria-hidden="true"
    data-aria-hidden="true"
  >
    <button
      aria-controls="radix-:r0:"
      aria-expanded="true"
      aria-haspopup="dialog"
      data-state="open"
      data-testid="trigger"
      type="button"
    >
      Abrir
    </button>
  </div>
  <div
    aria-hidden="true"
    class="fixed inset-0 z-50 bg-black/50 data-[state=open]:animate-in data-[state=closed]:animate-out data-[state=closed]:fade-out-0 data-[state=open]:fade-in-0"
    data-aria-hidden="true"
    data-state="open"
    style="pointer-events: auto;"
  />
  <div
    aria-describedby="radix-:r2:"
    aria-labelledby="radix-:r1:"
    class="fixed left-[50%] top-[50%] z-50 grid lg:w-full max-w-lg translate-x-[-50%] translate-y-[-50%] gap-4 border bg-background p-6 shadow-lg duration-200 data-[state=open]:animate-in data-[state=closed]:animate-out data-[state=closed]:fade-out-0 data-[state=open]:fade-in-0 data-[state=closed]:zoom-out-95 data-[state=open]:zoom-in-95 data-[state=closed]:slide-out-to-left-1/2 data-[state=closed]:slide-out-to-top-[48%] data-[state=open]:slide-in-from-left-1/2 data-[state=open]:slide-in-from-top-[48%] rounded-[8px] min-w-[300px] h-[280px]"
    data-state="open"
    data-testid="content"
    id="radix-:r0:"
    role="dialog"
    style="pointer-events: auto;"
    tabindex="-1"
  />
  <span
    aria-hidden="true"
    data-aria-hidden="true"
    data-radix-focus-guard=""
    style="outline: none; opacity: 0; position: fixed; pointer-events: none;"
    tabindex="0"
  />
</body>
`;
